# serializer version: 1
# name: test_new_connection_can_be_added
  '''
  [connections.conn1]
  account = "account1"
  user = "user1"
  password = "password1"
  
  '''
# ---
